#-----------------------------------------------------------
# Vivado v2024.1 (64-bit)
# SW Build 5076996 on Wed May 22 18:36:09 MDT 2024
# IP Build 5075265 on Wed May 22 21:45:21 MDT 2024
# SharedData Build 5076995 on Wed May 22 18:29:18 MDT 2024
# Start of session at: Tue Dec 10 13:02:58 2024
# Process ID: 270279
# Current directory: /home/xietianle/ysyx-workbench/nemu/src/isa/riscv32/addi2/addi2.runs/synth_1
# Command line: vivado -log ysyx_24090010_exu.vds -product Vivado -mode batch -messageDb vivado.pb -notrace -source ysyx_24090010_exu.tcl
# Log file: /home/xietianle/ysyx-workbench/nemu/src/isa/riscv32/addi2/addi2.runs/synth_1/ysyx_24090010_exu.vds
# Journal file: /home/xietianle/ysyx-workbench/nemu/src/isa/riscv32/addi2/addi2.runs/synth_1/vivado.jou
# Running On        :xietianle-Legion-Y7000P-IRH8
# Platform          :Ubuntu
# Operating System  :Ubuntu 22.04.4 LTS
# Processor Detail  :13th Gen Intel(R) Core(TM) i7-13620H
# CPU Frequency     :1506.581 MHz
# CPU Physical cores:10
# CPU Logical cores :16
# Host memory       :16469 MB
# Swap memory       :2147 MB
# Total Virtual     :18616 MB
# Available Virtual :12263 MB
#-----------------------------------------------------------
source ysyx_24090010_exu.tcl -notrace
